// Jest Snapshot v1, https://goo.gl/fbAQLP

exports[`AppRoutes component should be rendered correctly 1`] = `
<Switch>
  <Route
    component={[Function]}
    path="/viewhello1"
  />
  <Route
    component={[Function]}
    path="/viewhello2"
  />
  <Route
    component={[Function]}
    path="/viewhello3"
  />
  <Redirect
    from="/"
    push={false}
    to="/viewhello1"
  />
</Switch>
`;
